2026-04-17 22:39:25,039 [INFO] Found 549 images to process.
2026-04-17 22:39:25,171 [INFO] ✓ Image_157 copy 2.jpg → Image_157 copy 2.png | diff=None | verified
2026-04-17 22:39:25,274 [INFO] ✓ Image_87 copy.jpg → Image_87 copy.png | diff=None | verified
2026-04-17 22:39:25,465 [INFO] ✓ Image_191.png → Image_191.png | diff=None | verified
2026-04-17 22:39:25,528 [INFO] ✓ Image_174 copy.jpg → Image_174 copy.png | diff=None | verified
2026-04-17 22:39:25,605 [INFO] ✓ Image_32 copy.jpg → Image_32 copy.png | diff=None | verified
2026-04-17 22:39:25,645 [INFO] ✓ Image_90.jpg → Image_90.png | diff=None | verified
2026-04-17 22:39:25,722 [INFO] ✓ Image_47.jpg → Image_47.png | diff=None | verified
2026-04-17 22:39:25,777 [INFO] ✓ Image_113 copy 2.jpg → Image_113 copy 2.png | diff=None | verified
2026-04-17 22:39:25,874 [INFO] ✓ Image_104.jpg → Image_104.png | diff=None | verified
2026-04-17 22:39:25,938 [INFO] ✓ Image_196 copy.jpg → Image_196 copy.png | diff=None | verified
2026-04-17 22:39:25,976 [INFO] ✓ Image_106.png → Image_106.png | diff=None | verified
2026-04-17 22:39:26,236 [INFO] ✓ Image_46.jpg → Image_46.png | diff=None | verified
2026-04-17 22:39:26,321 [INFO] ✓ Image_82 copy.jpg → Image_82 copy.png | diff=None | verified
2026-04-17 22:39:26,394 [INFO] ✓ Image_52 copy.jpg → Image_52 copy.png | diff=None | verified
2026-04-17 22:39:26,471 [INFO] ✓ Image_97.jpg → Image_97.png | diff=None | verified
2026-04-17 22:39:26,533 [INFO] ✓ Image_99.jpg → Image_99.png | diff=None | verified
2026-04-17 22:39:26,755 [INFO] ✓ Image_15.png → Image_15.png | diff=None | verified
2026-04-17 22:39:26,820 [INFO] ✓ Image_109.jpg → Image_109.png | diff=None | verified
2026-04-17 22:39:26,903 [INFO] ✓ Image_183 copy.jpg → Image_183 copy.png | diff=None | verified
2026-04-17 22:39:26,972 [INFO] ✓ Image_42.JPG → Image_42.png | diff=None | verified
2026-04-17 22:39:27,043 [INFO] ✓ Image_24 copy 2.jpg → Image_24 copy 2.png | diff=None | verified
2026-04-17 22:39:27,463 [INFO] ✓ Image_21 copy.jpg → Image_21 copy.png | diff=None | verified
2026-04-17 22:39:27,551 [INFO] ✓ Image_134.jpg → Image_134.png | diff=None | verified
2026-04-17 22:39:27,636 [INFO] ✓ Image_169.jpg → Image_169.png | diff=None | verified
2026-04-17 22:39:27,670 [INFO] ✓ Image_113.jpg → Image_113.png | diff=None | verified
2026-04-17 22:39:27,796 [INFO] ✓ Image_163 copy.jpg → Image_163 copy.png | diff=None | verified
2026-04-17 22:39:27,872 [INFO] ✓ Image_146 copy 2.jpg → Image_146 copy 2.png | diff=None | verified
2026-04-17 22:39:27,930 [INFO] ✓ Image_121.jpg → Image_121.png | diff=None | verified
2026-04-17 22:39:27,998 [INFO] ✓ Image_93.jpg → Image_93.png | diff=None | verified
2026-04-17 22:39:28,117 [INFO] ✓ Image_29 copy 2.jpg → Image_29 copy 2.png | diff=None | verified
2026-04-17 22:39:28,197 [INFO] ✓ Image_114 copy.jpg → Image_114 copy.png | diff=None | verified
2026-04-17 22:39:28,257 [INFO] ✓ Image_118.jpg → Image_118.png | diff=None | verified
2026-04-17 22:39:28,314 [INFO] ✓ Image_192 copy.jpg → Image_192 copy.png | diff=None | verified
2026-04-17 22:39:28,381 [INFO] ✓ Image_145 copy 2.jpg → Image_145 copy 2.png | diff=None | verified
2026-04-17 22:39:28,486 [INFO] ✓ Image_37.png → Image_37.png | diff=None | verified
2026-04-17 22:39:28,531 [INFO] ✓ Image_111 copy 2.jpg → Image_111 copy 2.png | diff=None | verified
2026-04-17 22:39:28,586 [INFO] ✓ Image_187.jpg → Image_187.png | diff=None | verified
2026-04-17 22:39:28,660 [INFO] ✓ Image_13.jpg → Image_13.png | diff=None | verified
2026-04-17 22:39:28,789 [INFO] ✓ Image_51.jpg → Image_51.png | diff=None | verified
2026-04-17 22:39:28,968 [INFO] ✓ Image_157.jpg → Image_157.png | diff=None | verified
2026-04-17 22:39:29,046 [INFO] ✓ Image_50 copy.jpg → Image_50 copy.png | diff=None | verified
2026-04-17 22:39:29,106 [INFO] ✓ Image_25 copy.jpg → Image_25 copy.png | diff=None | verified
2026-04-17 22:39:29,160 [INFO] ✓ Image_48.jpg → Image_48.png | diff=None | verified
2026-04-17 22:39:29,226 [INFO] ✓ Image_86.jpg → Image_86.png | diff=None | verified
2026-04-17 22:39:30,001 [INFO] ✓ Image_129 copy.jpg → Image_129 copy.png | diff=None | verified
2026-04-17 22:39:30,090 [INFO] ✓ Image_67.jpg → Image_67.png | diff=None | verified
2026-04-17 22:39:30,208 [INFO] ✓ Image_58.png → Image_58.png | diff=None | verified
2026-04-17 22:39:30,281 [INFO] ✓ Image_105.jpg → Image_105.png | diff=None | verified
2026-04-17 22:39:30,477 [INFO] ✓ Image_189.png → Image_189.png | diff=None | verified
2026-04-17 22:39:30,544 [INFO] ✓ Image_64.png → Image_64.png | diff=None | verified
2026-04-17 22:39:30,625 [INFO] ✓ Image_195.jpg → Image_195.png | diff=None | verified
2026-04-17 22:39:30,821 [INFO] ✓ Image_50.jpg → Image_50.png | diff=None | verified
2026-04-17 22:39:30,886 [INFO] ✓ Image_89 copy.jpg → Image_89 copy.png | diff=None | verified
2026-04-17 22:39:30,985 [INFO] ✓ Image_134 copy 2.jpg → Image_134 copy 2.png | diff=None | verified
2026-04-17 22:39:31,085 [INFO] ✓ Image_135.png → Image_135.png | diff=None | verified
2026-04-17 22:39:31,167 [INFO] ✓ Image_128 copy 2.jpg → Image_128 copy 2.png | diff=None | verified
2026-04-17 22:39:32,481 [INFO] ✓ Image_17 copy 2.jpg → Image_17 copy 2.png | diff=None | verified
2026-04-17 22:39:32,588 [INFO] ✓ Image_19 copy.jpg → Image_19 copy.png | diff=None | verified
2026-04-17 22:39:32,628 [INFO] ✓ Image_161.jpg → Image_161.png | diff=None | verified
2026-04-17 22:39:32,709 [INFO] ✓ Image_172.jpg → Image_172.png | diff=None | verified
2026-04-17 22:39:32,772 [INFO] ✓ Image_11 copy 2.jpg → Image_11 copy 2.png | diff=None | verified
2026-04-17 22:39:32,854 [INFO] ✓ Image_180.jpg → Image_180.png | diff=None | verified
2026-04-17 22:39:32,943 [INFO] ✓ Image_95 copy 2.jpg → Image_95 copy 2.png | diff=None | verified
2026-04-17 22:39:33,014 [INFO] ✓ Image_84 copy.jpg → Image_84 copy.png | diff=None | verified
2026-04-17 22:39:33,063 [INFO] ✓ Image_85.jpg → Image_85.png | diff=None | verified
2026-04-17 22:39:33,179 [INFO] ✓ Image_9 copy.jpg → Image_9 copy.png | diff=None | verified
2026-04-17 22:39:33,249 [INFO] ✓ Image_190 copy.jpg → Image_190 copy.png | diff=None | verified
2026-04-17 22:39:33,324 [INFO] ✓ Image_212.jpg → Image_212.png | diff=None | verified
2026-04-17 22:39:33,398 [INFO] ✓ Image_22.jpg → Image_22.png | diff=None | verified
2026-04-17 22:39:33,487 [INFO] ✓ Image_9 copy 2.jpg → Image_9 copy 2.png | diff=None | verified
2026-04-17 22:39:34,062 [INFO] ✓ Image_108 copy 2.jpg → Image_108 copy 2.png | diff=None | verified
2026-04-17 22:39:34,220 [INFO] ✓ Image_126 copy.jpg → Image_126 copy.png | diff=None | verified
2026-04-17 22:39:34,284 [INFO] ✓ Image_190.jpg → Image_190.png | diff=None | verified
2026-04-17 22:39:34,479 [INFO] ✓ Image_3.jpg → Image_3.png | diff=None | verified
2026-04-17 22:39:34,590 [INFO] ✓ Image_78 copy.jpg → Image_78 copy.png | diff=None | verified
2026-04-17 22:39:34,764 [INFO] ✓ Image_69 copy.jpg → Image_69 copy.png | diff=None | verified
2026-04-17 22:39:34,829 [INFO] ✓ Image_45 copy.jpg → Image_45 copy.png | diff=None | verified
2026-04-17 22:39:34,956 [INFO] ✓ Image_132 copy.jpg → Image_132 copy.png | diff=None | verified
2026-04-17 22:39:34,991 [INFO] ✓ Image_132 copy 2.jpg → Image_132 copy 2.png | diff=None | verified
2026-04-17 22:39:35,193 [INFO] ✓ Image_17.jpg → Image_17.png | diff=None | verified
2026-04-17 22:39:35,284 [INFO] ✓ Image_65 copy.jpg → Image_65 copy.png | diff=None | verified
2026-04-17 22:39:35,415 [INFO] ✓ Image_18 copy 2.jpg → Image_18 copy 2.png | diff=None | verified
2026-04-17 22:39:35,479 [INFO] ✓ Image_133 copy.jpg → Image_133 copy.png | diff=None | verified
2026-04-17 22:39:35,537 [INFO] ✓ Image_101 copy.jpg → Image_101 copy.png | diff=None | verified
2026-04-17 22:39:35,618 [INFO] ✓ Image_143 copy.jpg → Image_143 copy.png | diff=None | verified
2026-04-17 22:39:35,688 [INFO] ✓ Image_60.JPG → Image_60.png | diff=None | verified
2026-04-17 22:39:35,757 [INFO] ✓ Image_99 copy.jpg → Image_99 copy.png | diff=None | verified
2026-04-17 22:39:35,811 [INFO] ✓ Image_102 copy 2.jpg → Image_102 copy 2.png | diff=None | verified
2026-04-17 22:39:35,874 [INFO] ✓ Image_105 copy 2.jpg → Image_105 copy 2.png | diff=None | verified
2026-04-17 22:39:35,971 [INFO] ✓ Image_198.jpg → Image_198.png | diff=None | verified
2026-04-17 22:39:36,032 [INFO] ✓ Image_180 copy.jpg → Image_180 copy.png | diff=None | verified
2026-04-17 22:39:36,137 [INFO] ✓ Image_170.jpg → Image_170.png | diff=None | verified
2026-04-17 22:39:36,229 [INFO] ✓ Image_94 copy 2.jpg → Image_94 copy 2.png | diff=None | verified
2026-04-17 22:39:36,376 [INFO] ✓ Image_18.jpg → Image_18.png | diff=None | verified
2026-04-17 22:39:36,457 [INFO] ✓ Image_52.jpg → Image_52.png | diff=None | verified
2026-04-17 22:39:36,497 [INFO] ✓ Image_36.png → Image_36.png | diff=None | verified
2026-04-17 22:39:36,566 [INFO] ✓ Image_87.jpg → Image_87.png | diff=None | verified
2026-04-17 22:39:36,634 [INFO] ✓ Image_154 copy 2.jpg → Image_154 copy 2.png | diff=None | verified
2026-04-17 22:39:36,714 [INFO] ✓ Image_217.jpg → Image_217.png | diff=None | verified
2026-04-17 22:39:36,779 [INFO] ✓ Image_176 copy.jpg → Image_176 copy.png | diff=None | verified
2026-04-17 22:39:36,905 [INFO] ✓ Image_67 copy.jpg → Image_67 copy.png | diff=None | verified
2026-04-17 22:39:37,279 [INFO] ✓ Image_153.JPG → Image_153.png | diff=None | verified
2026-04-17 22:39:37,340 [INFO] ✓ Image_115 copy 2.jpg → Image_115 copy 2.png | diff=None | verified
2026-04-17 22:39:37,882 [INFO] ✓ Image_9.jpg → Image_9.png | diff=None | verified
2026-04-17 22:39:37,945 [INFO] ✓ Image_107 copy.jpg → Image_107 copy.png | diff=None | verified
2026-04-17 22:39:38,541 [INFO] ✓ Image_7 copy.jpg → Image_7 copy.png | diff=None | verified
2026-04-17 22:39:38,616 [INFO] ✓ Image_196.jpg → Image_196.png | diff=None | verified
2026-04-17 22:39:38,694 [INFO] ✓ Image_202.jpg → Image_202.png | diff=None | verified
2026-04-17 22:39:38,787 [INFO] ✓ Image_14 copy.jpg → Image_14 copy.png | diff=None | verified
2026-04-17 22:39:38,875 [INFO] ✓ Image_55.png → Image_55.png | diff=None | verified
2026-04-17 22:39:40,025 [INFO] ✓ Image_188 copy.jpg → Image_188 copy.png | diff=None | verified
2026-04-17 22:39:40,100 [INFO] ✓ Image_28 copy 2.jpg → Image_28 copy 2.png | diff=None | verified
2026-04-17 22:39:40,174 [INFO] ✓ Image_64.jpg → Image_64.png | diff=None | verified
2026-04-17 22:39:40,313 [INFO] ✓ Image_158.jpg → Image_158.png | diff=None | verified
2026-04-17 22:39:40,408 [INFO] ✓ Image_153 copy.jpg → Image_153 copy.png | diff=None | verified
2026-04-17 22:39:40,490 [INFO] ✓ Image_142.jpg → Image_142.png | diff=None | verified
2026-04-17 22:39:40,606 [INFO] ✓ Image_27.jpg → Image_27.png | diff=None | verified
2026-04-17 22:39:40,836 [INFO] ✓ Image_105 copy.jpg → Image_105 copy.png | diff=None | verified
2026-04-17 22:39:40,938 [INFO] ✓ Image_201.jpg → Image_201.png | diff=None | verified
2026-04-17 22:39:40,996 [INFO] ✓ Image_45.jpg → Image_45.png | diff=None | verified
2026-04-17 22:39:41,062 [INFO] ✓ Image_185.jpg → Image_185.png | diff=None | verified
2026-04-17 22:39:41,090 [INFO] ✓ Image_102.jpg → Image_102.png | diff=None | verified
2026-04-17 22:39:41,158 [INFO] ✓ Image_51 copy.jpg → Image_51 copy.png | diff=None | verified
2026-04-17 22:39:41,228 [INFO] ✓ Image_213.jpg → Image_213.png | diff=None | verified
2026-04-17 22:39:41,933 [INFO] ✓ Image_206.jpg → Image_206.png | diff=None | verified
2026-04-17 22:39:42,043 [INFO] ✓ Image_171 copy.jpg → Image_171 copy.png | diff=None | verified
2026-04-17 22:39:42,114 [INFO] ✓ Image_155 copy 2.jpg → Image_155 copy 2.png | diff=None | verified
2026-04-17 22:39:42,195 [INFO] ✓ Image_72 copy.jpg → Image_72 copy.png | diff=None | verified
2026-04-17 22:39:42,271 [INFO] ✓ Image_111.jpg → Image_111.png | diff=None | verified
2026-04-17 22:39:42,338 [INFO] ✓ Image_74 copy.jpg → Image_74 copy.png | diff=None | verified
2026-04-17 22:39:42,409 [INFO] ✓ Image_160.jpg → Image_160.png | diff=None | verified
2026-04-17 22:39:42,487 [INFO] ✓ Image_108.jpg → Image_108.png | diff=None | verified
2026-04-17 22:39:42,569 [INFO] ✓ Image_47 copy.jpg → Image_47 copy.png | diff=None | verified
2026-04-17 22:39:42,870 [INFO] ✓ Image_42 copy.jpg → Image_42 copy.png | diff=None | verified
2026-04-17 22:39:42,929 [INFO] ✓ Image_136.jpeg → Image_136.png | diff=None | verified
2026-04-17 22:39:43,075 [INFO] ✓ Image_143.jpg → Image_143.png | diff=None | verified
2026-04-17 22:39:44,165 [INFO] ✓ Image_160 copy.jpg → Image_160 copy.png | diff=None | verified
2026-04-17 22:39:44,245 [INFO] ✓ Image_126 copy 2.jpg → Image_126 copy 2.png | diff=None | verified
2026-04-17 22:39:44,348 [INFO] ✓ Image_22 copy.jpg → Image_22 copy.png | diff=None | verified
2026-04-17 22:39:44,419 [INFO] ✓ Image_165 copy.jpg → Image_165 copy.png | diff=None | verified
2026-04-17 22:39:44,504 [INFO] ✓ Image_187 copy.jpg → Image_187 copy.png | diff=None | verified
2026-04-17 22:39:44,573 [INFO] ✓ Image_78 copy 2.jpg → Image_78 copy 2.png | diff=None | verified
2026-04-17 22:39:44,724 [INFO] ✓ Image_112 copy.jpg → Image_112 copy.png | diff=None | verified
2026-04-17 22:39:44,787 [INFO] ✓ Image_107.jpg → Image_107.png | diff=None | verified
2026-04-17 22:39:44,869 [INFO] ✓ Image_156 copy 2.jpg → Image_156 copy 2.png | diff=None | verified
2026-04-17 22:39:44,948 [INFO] ✓ Image_103.jpg → Image_103.png | diff=None | verified
2026-04-17 22:39:44,983 [INFO] ✓ Image_87 copy 2.jpg → Image_87 copy 2.png | diff=None | verified
2026-04-17 22:39:45,099 [INFO] ✓ Image_4 copy.jpg → Image_4 copy.png | diff=None | verified
2026-04-17 22:39:45,185 [INFO] ✓ Image_26.jpg → Image_26.png | diff=None | verified
2026-04-17 22:39:45,440 [INFO] ✓ Image_134 copy.jpg → Image_134 copy.png | diff=None | verified
2026-04-17 22:39:45,531 [INFO] ✓ Image_75.jpeg → Image_75.png | diff=None | verified
2026-04-17 22:39:45,717 [INFO] ✓ Image_157 copy.jpg → Image_157 copy.png | diff=None | verified
2026-04-17 22:39:45,781 [INFO] ✓ Image_20.jpg → Image_20.png | diff=None | verified
2026-04-17 22:39:45,861 [INFO] ✓ Image_74.jpg → Image_74.png | diff=None | verified
2026-04-17 22:39:45,911 [INFO] ✓ Image_67.png → Image_67.png | diff=None | verified
2026-04-17 22:39:46,131 [INFO] ✓ Image_155.jpg → Image_155.png | diff=None | verified
2026-04-17 22:39:46,205 [INFO] ✓ Image_139.jpg → Image_139.png | diff=None | verified
2026-04-17 22:39:46,346 [INFO] ✓ Image_100 copy.jpg → Image_100 copy.png | diff=None | verified
2026-04-17 22:39:46,418 [INFO] ✓ Image_119 copy.jpg → Image_119 copy.png | diff=None | verified
2026-04-17 22:39:46,487 [INFO] ✓ Image_6 copy 2.jpg → Image_6 copy 2.png | diff=None | verified
2026-04-17 22:39:46,549 [INFO] ✓ Image_168.jpg → Image_168.png | diff=None | verified
2026-04-17 22:39:46,620 [INFO] ✓ Image_143 copy 2.jpg → Image_143 copy 2.png | diff=None | verified
2026-04-17 22:39:46,675 [INFO] ✓ Image_123 copy.jpg → Image_123 copy.png | diff=None | verified
2026-04-17 22:39:47,294 [INFO] ✓ Image_1 copy.jpg → Image_1 copy.png | diff=None | verified
2026-04-17 22:39:47,381 [INFO] ✓ Image_138.jpg → Image_138.png | diff=None | verified
2026-04-17 22:39:47,514 [INFO] ✓ Image_179.jpg → Image_179.png | diff=None | verified
2026-04-17 22:39:47,563 [INFO] ✓ Image_163.jpg → Image_163.png | diff=None | verified
2026-04-17 22:39:47,647 [INFO] ✓ Image_104 copy 2.jpg → Image_104 copy 2.png | diff=None | verified
2026-04-17 22:39:47,729 [INFO] ✓ Image_53 copy.jpg → Image_53 copy.png | diff=None | verified
2026-04-17 22:39:47,830 [INFO] ✓ Image_154.jpg → Image_154.png | diff=None | verified
2026-04-17 22:39:47,877 [INFO] ✓ Image_74 copy 2.jpg → Image_74 copy 2.png | diff=None | verified
2026-04-17 22:39:48,562 [INFO] ✓ Image_151 copy.jpg → Image_151 copy.png | diff=None | verified
2026-04-17 22:39:48,656 [INFO] ✓ Image_141 copy.jpg → Image_141 copy.png | diff=None | verified
2026-04-17 22:39:48,767 [INFO] ✓ Image_16.jpg → Image_16.png | diff=None | verified
2026-04-17 22:39:48,833 [INFO] ✓ Image_38.png → Image_38.png | diff=None | verified
2026-04-17 22:39:48,892 [INFO] ✓ Image_28.jpg → Image_28.png | diff=None | verified
2026-04-17 22:39:48,951 [INFO] ✓ Image_144 copy 2.jpg → Image_144 copy 2.png | diff=None | verified
2026-04-17 22:39:49,023 [INFO] ✓ Image_177.jpg → Image_177.png | diff=None | verified
2026-04-17 22:39:49,081 [INFO] ✓ Image_90 copy.jpg → Image_90 copy.png | diff=None | verified
2026-04-17 22:39:49,155 [INFO] ✓ Image_88 copy 2.jpg → Image_88 copy 2.png | diff=None | verified
2026-04-17 22:39:49,238 [INFO] ✓ Image_80.png → Image_80.png | diff=None | verified
2026-04-17 22:39:49,329 [INFO] ✓ Image_148.jpg → Image_148.png | diff=None | verified
2026-04-17 22:39:49,417 [INFO] ✓ Image_141.jpg → Image_141.png | diff=None | verified
2026-04-17 22:39:49,509 [INFO] ✓ Image_73 copy.jpg → Image_73 copy.png | diff=None | verified
2026-04-17 22:39:49,606 [INFO] ✓ Image_182.jpg → Image_182.png | diff=None | verified
2026-04-17 22:39:49,724 [INFO] ✓ Image_88.jpg → Image_88.png | diff=None | verified
2026-04-17 22:39:50,508 [INFO] ✓ Image_156 copy.jpg → Image_156 copy.png | diff=None | verified
2026-04-17 22:39:50,585 [INFO] ✓ Image_65 copy 2.jpg → Image_65 copy 2.png | diff=None | verified
2026-04-17 22:39:50,725 [INFO] ✓ Image_113 copy.jpg → Image_113 copy.png | diff=None | verified
2026-04-17 22:39:50,807 [INFO] ✓ Image_64 copy.jpg → Image_64 copy.png | diff=None | verified
2026-04-17 22:39:50,914 [INFO] ✓ Image_72 copy 2.jpg → Image_72 copy 2.png | diff=None | verified
2026-04-17 22:39:50,998 [INFO] ✓ Image_54 copy 2.jpg → Image_54 copy 2.png | diff=None | verified
2026-04-17 22:39:51,072 [INFO] ✓ Image_44.jpg → Image_44.png | diff=None | verified
2026-04-17 22:39:51,236 [INFO] ✓ Image_32.jpg → Image_32.png | diff=None | verified
2026-04-17 22:39:51,473 [INFO] ✓ Image_91.jpg → Image_91.png | diff=None | verified
2026-04-17 22:39:51,531 [INFO] ✓ Image_31.jpg → Image_31.png | diff=None | verified
2026-04-17 22:39:51,598 [INFO] ✓ Image_22 copy 2.jpg → Image_22 copy 2.png | diff=None | verified
2026-04-17 22:39:52,088 [INFO] ✓ Image_16 copy.jpg → Image_16 copy.png | diff=None | verified
2026-04-17 22:39:52,167 [INFO] ✓ Image_193.jpg → Image_193.png | diff=None | verified
2026-04-17 22:39:52,227 [INFO] ✓ Image_84 copy 2.jpg → Image_84 copy 2.png | diff=None | verified
2026-04-17 22:39:52,285 [INFO] ✓ Image_200.jpg → Image_200.png | diff=None | verified
2026-04-17 22:39:52,350 [INFO] ✓ Image_137 copy 2.jpg → Image_137 copy 2.png | diff=None | verified
2026-04-17 22:39:52,483 [INFO] ✓ Image_39 copy.jpg → Image_39 copy.png | diff=None | verified
2026-04-17 22:39:52,595 [INFO] ✓ Image_183.jpg → Image_183.png | diff=None | verified
2026-04-17 22:39:52,628 [INFO] ✓ Image_57 copy 2.jpg → Image_57 copy 2.png | diff=None | verified
2026-04-17 22:39:52,691 [INFO] ✓ Image_182 copy.jpg → Image_182 copy.png | diff=None | verified
2026-04-17 22:39:52,744 [INFO] ✓ Image_139 copy 2.jpg → Image_139 copy 2.png | diff=None | verified
2026-04-17 22:39:52,819 [INFO] ✓ Image_53.jpg → Image_53.png | diff=None | verified
2026-04-17 22:39:52,879 [INFO] ✓ Image_147 copy 2.jpg → Image_147 copy 2.png | diff=None | verified
2026-04-17 22:39:52,968 [INFO] ✓ Image_172 copy.jpg → Image_172 copy.png | diff=None | verified
2026-04-17 22:39:53,042 [INFO] ✓ Image_26 copy 2.jpg → Image_26 copy 2.png | diff=None | verified
2026-04-17 22:39:53,121 [INFO] ✓ Image_109 copy.jpg → Image_109 copy.png | diff=None | verified
2026-04-17 22:39:53,203 [INFO] ✓ Image_200 copy.jpg → Image_200 copy.png | diff=None | verified
2026-04-17 22:39:53,285 [INFO] ✓ Image_81 copy.jpg → Image_81 copy.png | diff=None | verified
2026-04-17 22:39:53,327 [INFO] ✓ Image_151 copy 2.jpg → Image_151 copy 2.png | diff=None | verified
2026-04-17 22:39:53,410 [INFO] ✓ Image_34.jpg → Image_34.png | diff=None | verified
2026-04-17 22:39:53,473 [INFO] ✓ Image_25.jpg → Image_25.png | diff=None | verified
2026-04-17 22:39:53,540 [INFO] ✓ Image_121 copy.jpg → Image_121 copy.png | diff=None | verified
2026-04-17 22:39:53,619 [INFO] ✓ Image_8.jpg → Image_8.png | diff=None | verified
2026-04-17 22:39:53,687 [INFO] ✓ Image_31 copy.jpg → Image_31 copy.png | diff=None | verified
2026-04-17 22:39:53,808 [INFO] ✓ Image_23 copy 2.jpg → Image_23 copy 2.png | diff=None | verified
2026-04-17 22:39:53,967 [INFO] ✓ Image_28 copy.jpg → Image_28 copy.png | diff=None | verified
2026-04-17 22:39:54,028 [INFO] ✓ Image_165.jpg → Image_165.png | diff=None | verified
2026-04-17 22:39:54,096 [INFO] ✓ Image_5 copy 2.jpg → Image_5 copy 2.png | diff=None | verified
2026-04-17 22:39:54,169 [INFO] ✓ Image_110.jpg → Image_110.png | diff=None | verified
2026-04-17 22:39:54,231 [INFO] ✓ Image_72.jpg → Image_72.png | diff=None | verified
2026-04-17 22:39:54,293 [INFO] ✓ Image_44 copy.jpg → Image_44 copy.png | diff=None | verified
2026-04-17 22:39:54,359 [INFO] ✓ Image_92.jpg → Image_92.png | diff=None | verified
2026-04-17 22:39:54,926 [INFO] ✓ Image_118 copy.jpg → Image_118 copy.png | diff=None | verified
2026-04-17 22:39:55,001 [INFO] ✓ Image_57 copy.jpg → Image_57 copy.png | diff=None | verified
2026-04-17 22:39:55,068 [INFO] ✓ Image_54 copy.jpg → Image_54 copy.png | diff=None | verified
2026-04-17 22:39:55,164 [INFO] ✓ Image_23 copy.jpg → Image_23 copy.png | diff=None | verified
2026-04-17 22:39:55,293 [INFO] ✓ Image_193 copy.jpg → Image_193 copy.png | diff=None | verified
2026-04-17 22:39:55,379 [INFO] ✓ Image_96 copy.jpg → Image_96 copy.png | diff=None | verified
2026-04-17 22:39:55,447 [INFO] ✓ Image_10 copy 2.jpg → Image_10 copy 2.png | diff=None | verified
2026-04-17 22:39:55,522 [INFO] ✓ Image_32 copy 2.jpg → Image_32 copy 2.png | diff=None | verified
2026-04-17 22:39:55,589 [INFO] ✓ Image_102 copy.jpg → Image_102 copy.png | diff=None | verified
2026-04-17 22:39:55,896 [INFO] ✓ Image_16.JPG → Image_16.png | diff=None | verified
2026-04-17 22:39:56,004 [INFO] ✓ Image_127.jpg → Image_127.png | diff=None | verified
2026-04-17 22:39:56,124 [INFO] ✓ Image_195 copy.jpg → Image_195 copy.png | diff=None | verified
2026-04-17 22:39:56,198 [INFO] ✓ Image_108 copy.jpg → Image_108 copy.png | diff=None | verified
2026-04-17 22:39:56,240 [INFO] ✓ Image_57.jpg → Image_57.png | diff=None | verified
2026-04-17 22:39:56,285 [INFO] ✓ Image_75 copy.jpg → Image_75 copy.png | diff=None | verified
2026-04-17 22:39:56,356 [INFO] ✓ Image_198 copy.jpg → Image_198 copy.png | diff=None | verified
2026-04-17 22:39:56,427 [INFO] ✓ Image_146 copy.jpg → Image_146 copy.png | diff=None | verified
2026-04-17 22:39:56,490 [INFO] ✓ Image_39.jpg → Image_39.png | diff=None | verified
2026-04-17 22:39:56,545 [INFO] ✓ Image_179 copy.jpg → Image_179 copy.png | diff=None | verified
2026-04-17 22:39:56,581 [INFO] ✓ Image_116 copy 2.jpg → Image_116 copy 2.png | diff=None | verified
2026-04-17 22:39:56,722 [INFO] ✓ Image_81.jpg → Image_81.png | diff=None | verified
2026-04-17 22:39:56,821 [INFO] ✓ Image_6 copy.jpg → Image_6 copy.png | diff=None | verified
2026-04-17 22:39:56,892 [INFO] ✓ Image_120 copy.jpg → Image_120 copy.png | diff=None | verified
2026-04-17 22:39:57,825 [INFO] ✓ Image_83 copy 2.jpg → Image_83 copy 2.png | diff=None | verified
2026-04-17 22:39:57,913 [INFO] ✓ Image_194.jpg → Image_194.png | diff=None | verified
2026-04-17 22:39:57,991 [INFO] ✓ Image_63 copy.jpg → Image_63 copy.png | diff=None | verified
2026-04-17 22:39:58,075 [INFO] ✓ Image_144.jpg → Image_144.png | diff=None | verified
2026-04-17 22:39:58,459 [INFO] ✓ Image_130 copy.jpg → Image_130 copy.png | diff=None | verified
2026-04-17 22:39:58,513 [INFO] ✓ Image_219.jpg → Image_219.png | diff=None | verified
2026-04-17 22:39:58,610 [INFO] ✓ Image_44 copy 2.jpg → Image_44 copy 2.png | diff=None | verified
2026-04-17 22:39:58,742 [INFO] ✓ Image_85 copy.jpg → Image_85 copy.png | diff=None | verified
2026-04-17 22:39:58,804 [INFO] ✓ Image_177 copy.jpg → Image_177 copy.png | diff=None | verified
2026-04-17 22:39:58,861 [INFO] ✓ Image_137 copy.jpg → Image_137 copy.png | diff=None | verified
2026-04-17 22:39:58,913 [INFO] ✓ Image_73 copy 2.jpg → Image_73 copy 2.png | diff=None | verified
2026-04-17 22:39:59,004 [INFO] ✓ Image_138 copy.jpg → Image_138 copy.png | diff=None | verified
2026-04-17 22:39:59,109 [INFO] ✓ Image_18 copy.jpg → Image_18 copy.png | diff=None | verified
2026-04-17 22:39:59,241 [INFO] ✓ Image_38.jpg → Image_38.png | diff=None | verified
2026-04-17 22:39:59,289 [INFO] ✓ Image_112.jpg → Image_112.png | diff=None | verified
2026-04-17 22:39:59,361 [INFO] ✓ Image_178 copy.jpg → Image_178 copy.png | diff=None | verified
2026-04-17 22:39:59,449 [INFO] ✓ Image_104 copy.jpg → Image_104 copy.png | diff=None | verified
2026-04-17 22:39:59,645 [INFO] ✓ Image_158.png → Image_158.png | diff=None | verified
2026-04-17 22:39:59,800 [INFO] ✓ Image_35 copy.jpg → Image_35 copy.png | diff=None | verified
2026-04-17 22:40:00,165 [INFO] ✓ Image_122.jpg → Image_122.png | diff=None | verified
2026-04-17 22:40:00,225 [INFO] ✓ Image_129.jpg → Image_129.png | diff=None | verified
2026-04-17 22:40:00,299 [INFO] ✓ Image_130 copy 2.jpg → Image_130 copy 2.png | diff=None | verified
2026-04-17 22:40:00,360 [INFO] ✓ Image_138 copy 2.jpg → Image_138 copy 2.png | diff=None | verified
2026-04-17 22:40:00,414 [INFO] ✓ Image_121 copy 2.jpg → Image_121 copy 2.png | diff=None | verified
2026-04-17 22:40:00,491 [INFO] ✓ Image_184.jpg → Image_184.png | diff=None | verified
2026-04-17 22:40:00,568 [INFO] ✓ Image_34 copy.jpg → Image_34 copy.png | diff=None | verified
2026-04-17 22:40:00,786 [INFO] ✓ Image_71.jpg → Image_71.png | diff=None | verified
2026-04-17 22:40:00,845 [INFO] ✓ Image_69 copy 2.jpg → Image_69 copy 2.png | diff=None | verified
2026-04-17 22:40:00,912 [INFO] ✓ Image_131.png → Image_131.png | diff=None | verified
2026-04-17 22:40:00,981 [INFO] ✓ Image_164.jpg → Image_164.png | diff=None | verified
2026-04-17 22:40:01,108 [INFO] ✓ Image_37.jpg → Image_37.png | diff=None | verified
2026-04-17 22:40:01,189 [INFO] ✓ Image_127.jpeg → Image_127.png | diff=None | verified
2026-04-17 22:40:01,305 [INFO] ✓ Image_40.png → Image_40.png | diff=None | verified
2026-04-17 22:40:01,343 [INFO] ✓ Image_124 copy 2.jpg → Image_124 copy 2.png | diff=None | verified
2026-04-17 22:40:01,424 [INFO] ✓ Image_46 copy 2.jpg → Image_46 copy 2.png | diff=None | verified
2026-04-17 22:40:01,499 [INFO] ✓ Image_117.jpg → Image_117.png | diff=None | verified
2026-04-17 22:40:01,584 [INFO] ✓ Image_68 copy 2.jpg → Image_68 copy 2.png | diff=None | verified
2026-04-17 22:40:01,655 [INFO] ✓ Image_140 copy.jpg → Image_140 copy.png | diff=None | verified
2026-04-17 22:40:01,761 [INFO] ✓ Image_11.jpg → Image_11.png | diff=None | verified
2026-04-17 22:40:02,517 [INFO] ✓ Image_36.jpg → Image_36.png | diff=None | verified
2026-04-17 22:40:02,711 [INFO] ✓ Image_166 copy.jpg → Image_166 copy.png | diff=None | verified
2026-04-17 22:40:02,781 [INFO] ✓ Image_47 copy 2.jpg → Image_47 copy 2.png | diff=None | verified
2026-04-17 22:40:02,854 [INFO] ✓ Image_97 copy.jpg → Image_97 copy.png | diff=None | verified
2026-04-17 22:40:02,934 [INFO] ✓ Image_88 copy.jpg → Image_88 copy.png | diff=None | verified
2026-04-17 22:40:02,998 [INFO] ✓ Image_3 copy 2.jpg → Image_3 copy 2.png | diff=None | verified
2026-04-17 22:40:03,070 [INFO] ✓ Image_50 copy 2.jpg → Image_50 copy 2.png | diff=None | verified
2026-04-17 22:40:03,131 [INFO] ✓ Image_205.jpg → Image_205.png | diff=None | verified
2026-04-17 22:40:03,224 [INFO] ✓ Image_167.jpg → Image_167.png | diff=None | verified
2026-04-17 22:40:03,287 [INFO] ✓ Image_5.jpg → Image_5.png | diff=None | verified
2026-04-17 22:40:03,325 [INFO] ✓ Image_66 copy 2.jpg → Image_66 copy 2.png | diff=None | verified
2026-04-17 22:40:03,407 [INFO] ✓ Image_30 copy.jpg → Image_30 copy.png | diff=None | verified
2026-04-17 22:40:03,470 [INFO] ✓ Image_185 copy.jpg → Image_185 copy.png | diff=None | verified
2026-04-17 22:40:03,531 [INFO] ✓ Image_123.jpg → Image_123.png | diff=None | verified
2026-04-17 22:40:03,676 [INFO] ✓ Image_173.jpg → Image_173.png | diff=None | verified
2026-04-17 22:40:03,717 [INFO] ✓ Image_80.jpg → Image_80.png | diff=None | verified
2026-04-17 22:40:03,779 [INFO] ✓ Image_149 copy.jpg → Image_149 copy.png | diff=None | verified
2026-04-17 22:40:03,904 [INFO] ✓ Image_154 copy.jpg → Image_154 copy.png | diff=None | verified
2026-04-17 22:40:03,989 [INFO] ✓ Image_34 copy 2.jpg → Image_34 copy 2.png | diff=None | verified
2026-04-17 22:40:04,066 [INFO] ✓ Image_115.jpg → Image_115.png | diff=None | verified
2026-04-17 22:40:04,129 [INFO] ✓ Image_27 copy 2.jpg → Image_27 copy 2.png | diff=None | verified
2026-04-17 22:40:04,210 [INFO] ✓ Image_26 copy.jpg → Image_26 copy.png | diff=None | verified
2026-04-17 22:40:04,286 [INFO] ✓ Image_145 copy.jpg → Image_145 copy.png | diff=None | verified
2026-04-17 22:40:04,350 [INFO] ✓ Image_48 copy.jpg → Image_48 copy.png | diff=None | verified
2026-04-17 22:40:04,428 [INFO] ✓ Image_155 copy.jpg → Image_155 copy.png | diff=None | verified
2026-04-17 22:40:04,484 [INFO] ✓ Image_140 copy 2.jpg → Image_140 copy 2.png | diff=None | verified
2026-04-17 22:40:04,509 [INFO] ✓ Image_107 copy 2.jpg → Image_107 copy 2.png | diff=None | verified
2026-04-17 22:40:04,566 [INFO] ✓ Image_125.jpg → Image_125.png | diff=None | verified
2026-04-17 22:40:04,629 [INFO] ✓ Image_124.jpg → Image_124.png | diff=None | verified
2026-04-17 22:40:04,691 [INFO] ✓ Image_126.jpg → Image_126.png | diff=None | verified
2026-04-17 22:40:04,772 [INFO] ✓ Image_207.jpg → Image_207.png | diff=None | verified
2026-04-17 22:40:04,885 [INFO] ✓ Image_181.jpg → Image_181.png | diff=None | verified
2026-04-17 22:40:04,957 [INFO] ✓ Image_164 copy.jpg → Image_164 copy.png | diff=None | verified
2026-04-17 22:40:05,026 [INFO] ✓ Image_35 copy 2.jpg → Image_35 copy 2.png | diff=None | verified
2026-04-17 22:40:05,300 [INFO] ✓ Image_215.jpg → Image_215.png | diff=None | verified
2026-04-17 22:40:05,341 [INFO] ✓ Image_191.jpg → Image_191.png | diff=None | verified
2026-04-17 22:40:05,530 [INFO] ✓ Image_125 copy.jpg → Image_125 copy.png | diff=None | verified
2026-04-17 22:40:05,591 [INFO] ✓ Image_68 copy.jpg → Image_68 copy.png | diff=None | verified
2026-04-17 22:40:05,654 [INFO] ✓ Image_62 copy 2.jpg → Image_62 copy 2.png | diff=None | verified
2026-04-17 22:40:05,735 [INFO] ✓ Image_178.jpg → Image_178.png | diff=None | verified
2026-04-17 22:40:05,931 [INFO] ✓ Image_186.jpg → Image_186.png | diff=None | verified
2026-04-17 22:40:06,014 [INFO] ✓ Image_122 copy.jpg → Image_122 copy.png | diff=None | verified
2026-04-17 22:40:06,089 [INFO] ✓ Image_115 copy.jpg → Image_115 copy.png | diff=None | verified
2026-04-17 22:40:06,147 [INFO] ✓ Image_55.jpg → Image_55.png | diff=None | verified
2026-04-17 22:40:06,206 [INFO] ✓ Image_52 copy 2.jpg → Image_52 copy 2.png | diff=None | verified
2026-04-17 22:40:06,300 [INFO] ✓ Image_41 copy.jpg → Image_41 copy.png | diff=None | verified
2026-04-17 22:40:06,377 [INFO] ✓ Image_98.jpg → Image_98.png | diff=None | verified
2026-04-17 22:40:06,466 [INFO] ✓ Image_109 copy 2.jpg → Image_109 copy 2.png | diff=None | verified
2026-04-17 22:40:06,741 [INFO] ✓ Image_70.jpg → Image_70.png | diff=None | verified
2026-04-17 22:40:06,780 [INFO] ✓ Image_181 copy.jpg → Image_181 copy.png | diff=None | verified
2026-04-17 22:40:06,835 [INFO] ✓ Image_135 copy.png → Image_135 copy.png | diff=None | verified
2026-04-17 22:40:06,902 [INFO] ✓ Image_199 copy.jpg → Image_199 copy.png | diff=None | verified
2026-04-17 22:40:06,958 [INFO] ✓ Image_140.jpg → Image_140.png | diff=None | verified
2026-04-17 22:40:07,017 [INFO] ✓ Image_12.jpg → Image_12.png | diff=None | verified
2026-04-17 22:40:07,183 [INFO] ✓ Image_81.png → Image_81.png | diff=None | verified
2026-04-17 22:40:07,255 [INFO] ✓ Image_174.jpg → Image_174.png | diff=None | verified
2026-04-17 22:40:07,318 [INFO] ✓ Image_2 copy 2.jpg → Image_2 copy 2.png | diff=None | verified
2026-04-17 22:40:07,399 [INFO] ✓ Image_119.jpg → Image_119.png | diff=None | verified
2026-04-17 22:40:07,499 [INFO] ✓ Image_75.jpg → Image_75.png | diff=None | verified
2026-04-17 22:40:07,572 [INFO] ✓ Image_214.jpg → Image_214.png | diff=None | verified
2026-04-17 22:40:07,707 [INFO] ✓ Image_79.jpg → Image_79.png | diff=None | verified
2026-04-17 22:40:07,756 [INFO] ✓ Image_23.jpg → Image_23.png | diff=None | verified
2026-04-17 22:40:07,827 [INFO] ✓ Image_40.jpg → Image_40.png | diff=None | verified
2026-04-17 22:40:07,894 [INFO] ✓ Image_43.jpg → Image_43.png | diff=None | verified
2026-04-17 22:40:07,948 [INFO] ✓ Image_77 copy 2.jpg → Image_77 copy 2.png | diff=None | verified
2026-04-17 22:40:08,013 [INFO] ✓ Image_91 copy.jpg → Image_91 copy.png | diff=None | verified
2026-04-17 22:40:08,607 [INFO] ✓ Image_152 copy.jpg → Image_152 copy.png | diff=None | verified
2026-04-17 22:40:08,707 [INFO] ✓ Image_142 copy.jpg → Image_142 copy.png | diff=None | verified
2026-04-17 22:40:08,757 [INFO] ✓ Image_192.jpg → Image_192.png | diff=None | verified
2026-04-17 22:40:09,596 [INFO] ✓ Image_33 copy.jpg → Image_33 copy.png | diff=None | verified
2026-04-17 22:40:09,683 [INFO] ✓ Image_33 copy 2.jpg → Image_33 copy 2.png | diff=None | verified
2026-04-17 22:40:09,789 [INFO] ✓ Image_7.jpg → Image_7.png | diff=None | verified
2026-04-17 22:40:09,875 [INFO] ✓ Image_6.jpg → Image_6.png | diff=None | verified
2026-04-17 22:40:09,971 [INFO] ✓ Image_1 copy 2.jpg → Image_1 copy 2.png | diff=None | verified
2026-04-17 22:40:10,047 [INFO] ✓ Image_80 copy.jpg → Image_80 copy.png | diff=None | verified
2026-04-17 22:40:10,190 [INFO] ✓ Image_189.jpg → Image_189.png | diff=None | verified
2026-04-17 22:40:10,273 [INFO] ✓ Image_153.jpg → Image_153.png | diff=None | verified
2026-04-17 22:40:10,363 [INFO] ✓ Image_38 copy.jpg → Image_38 copy.png | diff=None | verified
2026-04-17 22:40:10,421 [INFO] ✓ Image_58 copy.jpg → Image_58 copy.png | diff=None | verified
2026-04-17 22:40:10,475 [INFO] ✓ Image_13 copy.jpg → Image_13 copy.png | diff=None | verified
2026-04-17 22:40:10,562 [INFO] ✓ Image_146.jpg → Image_146.png | diff=None | verified
2026-04-17 22:40:10,630 [INFO] ✓ Image_60 copy.jpg → Image_60 copy.png | diff=None | verified
2026-04-17 22:40:10,709 [INFO] ✓ Image_76 copy.jpg → Image_76 copy.png | diff=None | verified
2026-04-17 22:40:10,780 [INFO] ✓ Image_79 copy.jpg → Image_79 copy.png | diff=None | verified
2026-04-17 22:40:10,917 [INFO] ✓ Image_139 copy.jpg → Image_139 copy.png | diff=None | verified
2026-04-17 22:40:11,114 [INFO] ✓ Image_197 copy.jpg → Image_197 copy.png | diff=None | verified
2026-04-17 22:40:11,207 [INFO] ✓ Image_144 copy.jpg → Image_144 copy.png | diff=None | verified
2026-04-17 22:40:11,286 [INFO] ✓ Image_76.png → Image_76.png | diff=None | verified
2026-04-17 22:40:11,964 [INFO] ✓ Image_176.jpg → Image_176.png | diff=None | verified
2026-04-17 22:40:12,036 [INFO] ✓ Image_46 copy.jpg → Image_46 copy.png | diff=None | verified
2026-04-17 22:40:12,160 [INFO] ✓ Image_14.jpg → Image_14.png | diff=None | verified
2026-04-17 22:40:12,244 [INFO] ✓ Image_8 copy 2.jpg → Image_8 copy 2.png | diff=None | verified
2026-04-17 22:40:12,320 [INFO] ✓ Image_148 copy 2.jpg → Image_148 copy 2.png | diff=None | verified
2026-04-17 22:40:12,387 [INFO] ✓ Image_66 copy.jpg → Image_66 copy.png | diff=None | verified
2026-04-17 22:40:12,467 [INFO] ✓ Image_124 copy.jpg → Image_124 copy.png | diff=None | verified
2026-04-17 22:40:12,546 [INFO] ✓ Image_93 copy.jpg → Image_93 copy.png | diff=None | verified
2026-04-17 22:40:12,612 [INFO] ✓ Image_150 copy.jpg → Image_150 copy.png | diff=None | verified
2026-04-17 22:40:12,736 [INFO] ✓ Image_53 copy 2.jpg → Image_53 copy 2.png | diff=None | verified
2026-04-17 22:40:12,806 [INFO] ✓ Image_66.jpg → Image_66.png | diff=None | verified
2026-04-17 22:40:12,881 [INFO] ✓ Image_36 copy.jpg → Image_36 copy.png | diff=None | verified
2026-04-17 22:40:12,958 [INFO] ✓ Image_24.jpg → Image_24.png | diff=None | verified
2026-04-17 22:40:13,043 [INFO] ✓ Image_152 copy 2.jpg → Image_152 copy 2.png | diff=None | verified
2026-04-17 22:40:13,108 [INFO] ✓ Image_167 copy.jpg → Image_167 copy.png | diff=None | verified
2026-04-17 22:40:13,555 [INFO] ✓ Image_184.JPG → Image_184.png | diff=None | verified
2026-04-17 22:40:13,722 [INFO] ✓ Image_116 copy.jpg → Image_116 copy.png | diff=None | verified
2026-04-17 22:40:13,766 [INFO] ✓ Image_114.jpg → Image_114.png | diff=None | verified
2026-04-17 22:40:13,856 [INFO] ✓ Image_97.png → Image_97.png | diff=None | verified
2026-04-17 22:40:13,939 [INFO] ✓ Image_147.jpg → Image_147.png | diff=None | verified
2026-04-17 22:40:14,009 [INFO] ✓ Image_136.png → Image_136.png | diff=None | verified
2026-04-17 22:40:14,067 [INFO] ✓ Image_83.jpg → Image_83.png | diff=None | verified
2026-04-17 22:40:14,210 [INFO] ✓ Image_100.jpg → Image_100.png | diff=None | verified
2026-04-17 22:40:14,278 [INFO] ✓ Image_12 copy 2.jpg → Image_12 copy 2.png | diff=None | verified
2026-04-17 22:40:14,315 [INFO] ✓ Image_62.jpg → Image_62.png | diff=None | verified
2026-04-17 22:40:14,366 [INFO] ✓ Image_216.jpg → Image_216.png | diff=None | verified
2026-04-17 22:40:14,451 [INFO] ✓ Image_24 copy.jpg → Image_24 copy.png | diff=None | verified
2026-04-17 22:40:14,521 [INFO] ✓ Image_4.jpg → Image_4.png | diff=None | verified
2026-04-17 22:40:14,597 [INFO] ✓ Image_209.jpg → Image_209.png | diff=None | verified
2026-04-17 22:40:14,698 [INFO] ✓ Image_147 copy.jpg → Image_147 copy.png | diff=None | verified
2026-04-17 22:40:14,792 [INFO] ✓ Image_151.jpg → Image_151.png | diff=None | verified
2026-04-17 22:40:14,855 [INFO] ✓ Image_173 copy.jpg → Image_173 copy.png | diff=None | verified
2026-04-17 22:40:14,943 [INFO] ✓ Image_92 copy.jpg → Image_92 copy.png | diff=None | verified
2026-04-17 22:40:15,014 [INFO] ✓ Image_197.jpg → Image_197.png | diff=None | verified
2026-04-17 22:40:15,086 [INFO] ✓ Image_82.jpg → Image_82.png | diff=None | verified
2026-04-17 22:40:15,183 [INFO] ✓ Image_41.jpg → Image_41.png | diff=None | verified
2026-04-17 22:40:15,332 [INFO] ✓ Image_103.png → Image_103.png | diff=None | verified
2026-04-17 22:40:15,569 [INFO] ✓ Image_17 copy.jpg → Image_17 copy.png | diff=None | verified
2026-04-17 22:40:15,641 [INFO] ✓ Image_2.jpg → Image_2.png | diff=None | verified
2026-04-17 22:40:15,708 [INFO] ✓ Image_91.jpeg → Image_91.png | diff=None | verified
2026-04-17 22:40:15,835 [INFO] ✓ Image_20 copy.jpg → Image_20 copy.png | diff=None | verified
2026-04-17 22:40:15,964 [INFO] ✓ Image_3 copy.jpg → Image_3 copy.png | diff=None | verified
2026-04-17 22:40:16,184 [INFO] ✓ Image_59.jpg → Image_59.png | diff=None | verified
2026-04-17 22:40:16,272 [INFO] ✓ Image_30.jpg → Image_30.png | diff=None | verified
2026-04-17 22:40:16,351 [INFO] ✓ Image_125 copy 2.jpg → Image_125 copy 2.png | diff=None | verified
2026-04-17 22:40:16,387 [INFO] ✓ Image_54.jpg → Image_54.png | diff=None | verified
2026-04-17 22:40:16,456 [INFO] ✓ Image_150.jpg → Image_150.png | diff=None | verified
2026-04-17 22:40:17,025 [INFO] ✓ Image_149.jpg → Image_149.png | diff=None | verified
2026-04-17 22:40:17,191 [INFO] ✓ Image_94 copy.jpg → Image_94 copy.png | diff=None | verified
2026-04-17 22:40:17,288 [INFO] ✓ Image_29.jpg → Image_29.png | diff=None | verified
2026-04-17 22:40:17,360 [INFO] ✓ Image_61 copy.jpg → Image_61 copy.png | diff=None | verified
2026-04-17 22:40:18,253 [INFO] ✓ Image_2 copy.jpg → Image_2 copy.png | diff=None | verified
2026-04-17 22:40:18,339 [INFO] ✓ Image_7 copy 2.jpg → Image_7 copy 2.png | diff=None | verified
2026-04-17 22:40:18,399 [INFO] ✓ Image_49.jpg → Image_49.png | diff=None | verified
2026-04-17 22:40:18,461 [INFO] ✓ Image_171.jpg → Image_171.png | diff=None | verified
2026-04-17 22:40:18,543 [INFO] ✓ Image_10.jpg → Image_10.png | diff=None | verified
2026-04-17 22:40:18,698 [INFO] ✓ Image_159.png → Image_159.png | diff=None | verified
2026-04-17 22:40:18,760 [INFO] ✓ Image_137.jpg → Image_137.png | diff=None | verified
2026-04-17 22:40:18,963 [INFO] ✓ Image_25 copy 2.jpg → Image_25 copy 2.png | diff=None | verified
2026-04-17 22:40:19,040 [INFO] ✓ Image_5 copy.jpg → Image_5 copy.png | diff=None | verified
2026-04-17 22:40:19,135 [INFO] ✓ Image_59 copy.jpg → Image_59 copy.png | diff=None | verified
2026-04-17 22:40:19,199 [INFO] ✓ Image_210.jpg → Image_210.png | diff=None | verified
2026-04-17 22:40:19,250 [INFO] ✓ Image_131.jpg → Image_131.png | diff=None | verified
2026-04-17 22:40:19,313 [INFO] ✓ Image_149 copy 2.jpg → Image_149 copy 2.png | diff=None | verified
2026-04-17 22:40:19,374 [INFO] ✓ Image_133 copy 2.jpg → Image_133 copy 2.png | diff=None | verified
2026-04-17 22:40:19,429 [INFO] ✓ Image_4 copy 2.jpg → Image_4 copy 2.png | diff=None | verified
2026-04-17 22:40:19,494 [INFO] ✓ Image_77 copy.jpg → Image_77 copy.png | diff=None | verified
2026-04-17 22:40:19,563 [INFO] ✓ Image_63 copy 2.jpg → Image_63 copy 2.png | diff=None | verified
2026-04-17 22:40:19,635 [INFO] ✓ Image_98 copy.jpg → Image_98 copy.png | diff=None | verified
2026-04-17 22:40:19,663 [INFO] ✓ Image_96 copy 2.jpg → Image_96 copy 2.png | diff=None | verified
2026-04-17 22:40:19,752 [INFO] ✓ Image_119 copy 2.jpg → Image_119 copy 2.png | diff=None | verified
2026-04-17 22:40:19,805 [INFO] ✓ Image_59 copy 2.jpg → Image_59 copy 2.png | diff=None | verified
2026-04-17 22:40:19,861 [INFO] ✓ Image_83 copy.jpg → Image_83 copy.png | diff=None | verified
2026-04-17 22:40:20,034 [INFO] ✓ Image_90 copy 2.jpg → Image_90 copy 2.png | diff=None | verified
2026-04-17 22:40:20,208 [INFO] ✓ Image_199.jpg → Image_199.png | diff=None | verified
2026-04-17 22:40:20,280 [INFO] ✓ Image_56 copy.jpg → Image_56 copy.png | diff=None | verified
2026-04-17 22:40:20,357 [INFO] ✓ Image_77.jpg → Image_77.png | diff=None | verified
2026-04-17 22:40:20,428 [INFO] ✓ Image_43 copy.jpg → Image_43 copy.png | diff=None | verified
2026-04-17 22:40:20,481 [INFO] ✓ Image_35.jpg → Image_35.png | diff=None | verified
2026-04-17 22:40:20,557 [INFO] ✓ Image_111 copy.jpg → Image_111 copy.png | diff=None | verified
2026-04-17 22:40:20,654 [INFO] ✓ Image_130.jpg → Image_130.png | diff=None | verified
2026-04-17 22:40:20,807 [INFO] ✓ Image_148 copy.jpg → Image_148 copy.png | diff=None | verified
2026-04-17 22:40:20,963 [INFO] ✓ Image_41 copy 2.jpg → Image_41 copy 2.png | diff=None | verified
2026-04-17 22:40:21,043 [INFO] ✓ Image_175.jpg → Image_175.png | diff=None | verified
2026-04-17 22:40:21,212 [INFO] ✓ Image_19.png → Image_19.png | diff=None | verified
2026-04-17 22:40:21,924 [INFO] ✓ Image_63.jpg → Image_63.png | diff=None | verified
2026-04-17 22:40:22,006 [INFO] ✓ Image_56.jpg → Image_56.png | diff=None | verified
2026-04-17 22:40:22,081 [INFO] ✓ Image_21 copy 2.jpg → Image_21 copy 2.png | diff=None | verified
2026-04-17 22:40:22,162 [INFO] ✓ Image_186 copy.jpg → Image_186 copy.png | diff=None | verified
2026-04-17 22:40:22,345 [INFO] ✓ Image_10 copy.jpg → Image_10 copy.png | diff=None | verified
2026-04-17 22:40:22,436 [INFO] ✓ Image_82 copy 2.jpg → Image_82 copy 2.png | diff=None | verified
2026-04-17 22:40:22,579 [INFO] ✓ Image_8 copy.jpg → Image_8 copy.png | diff=None | verified
2026-04-17 22:40:22,651 [INFO] ✓ Image_15 copy.jpg → Image_15 copy.png | diff=None | verified
2026-04-17 22:40:22,711 [INFO] ✓ Image_70 copy.jpg → Image_70 copy.png | diff=None | verified
2026-04-17 22:40:22,785 [INFO] ✓ Image_120.jpg → Image_120.png | diff=None | verified
2026-04-17 22:40:22,880 [INFO] ✓ Image_60.jpg → Image_60.png | diff=None | verified
2026-04-17 22:40:23,009 [INFO] ✓ Image_39 copy 2.jpg → Image_39 copy 2.png | diff=None | verified
2026-04-17 22:40:23,091 [INFO] ✓ Image_62 copy.jpg → Image_62 copy.png | diff=None | verified
2026-04-17 22:40:23,161 [INFO] ✓ Image_175 copy.jpg → Image_175 copy.png | diff=None | verified
2026-04-17 22:40:23,377 [INFO] ✓ Image_188.jpg → Image_188.png | diff=None | verified
2026-04-17 22:40:23,456 [INFO] ✓ Image_168 copy.jpg → Image_168 copy.png | diff=None | verified
2026-04-17 22:40:23,539 [INFO] ✓ Image_78.jpg → Image_78.png | diff=None | verified
2026-04-17 22:40:23,577 [INFO] ✓ Image_21.jpg → Image_21.png | diff=None | verified
2026-04-17 22:40:23,647 [INFO] ✓ Image_71.png → Image_71.png | diff=None | verified
2026-04-17 22:40:23,740 [INFO] ✓ Image_14 copy 2.jpg → Image_14 copy 2.png | diff=None | verified
2026-04-17 22:40:23,813 [INFO] ✓ Image_76.jpg → Image_76.png | diff=None | verified
2026-04-17 22:40:23,883 [INFO] ✓ Image_128.jpg → Image_128.png | diff=None | verified
2026-04-17 22:40:23,964 [INFO] ✓ Image_1.jpg → Image_1.png | diff=None | verified
2026-04-17 22:40:24,854 [INFO] ✓ Image_158 copy.jpg → Image_158 copy.png | diff=None | verified
2026-04-17 22:40:24,930 [INFO] ✓ Image_203.jpg → Image_203.png | diff=None | verified
2026-04-17 22:40:24,997 [INFO] ✓ Image_133.jpg → Image_133.png | diff=None | verified
2026-04-17 22:40:25,075 [INFO] ✓ Image_30 copy 2.jpg → Image_30 copy 2.png | diff=None | verified
2026-04-17 22:40:25,143 [INFO] ✓ Image_114 copy 2.jpg → Image_114 copy 2.png | diff=None | verified
2026-04-17 22:40:25,304 [INFO] ✓ Image_11 copy.jpg → Image_11 copy.png | diff=None | verified
2026-04-17 22:40:25,390 [INFO] ✓ Image_101.jpg → Image_101.png | diff=None | verified
2026-04-17 22:40:26,146 [INFO] ✓ Image_96.jpg → Image_96.png | diff=None | verified
2026-04-17 22:40:26,824 [INFO] ✓ Image_12 copy.jpg → Image_12 copy.png | diff=None | verified
2026-04-17 22:40:26,913 [INFO] ✓ Image_141 copy 2.jpg → Image_141 copy 2.png | diff=None | verified
2026-04-17 22:40:27,124 [INFO] ✓ Image_15.jpg → Image_15.png | diff=None | verified
2026-04-17 22:40:27,239 [INFO] ✓ Image_117 copy.jpg → Image_117 copy.png | diff=None | verified
2026-04-17 22:40:27,317 [INFO] ✓ Image_110.png → Image_110.png | diff=None | verified
2026-04-17 22:40:27,452 [INFO] ✓ Image_208.jpg → Image_208.png | diff=None | verified
2026-04-17 22:40:27,572 [INFO] ✓ Image_161 copy.jpg → Image_161 copy.png | diff=None | verified
2026-04-17 22:40:27,637 [INFO] ✓ Image_194 copy.jpg → Image_194 copy.png | diff=None | verified
2026-04-17 22:40:27,700 [INFO] ✓ Image_68.jpg → Image_68.png | diff=None | verified
2026-04-17 22:40:27,767 [INFO] ✓ Image_20 copy 2.jpg → Image_20 copy 2.png | diff=None | verified
2026-04-17 22:40:27,852 [INFO] ✓ Image_166.jpg → Image_166.png | diff=None | verified
2026-04-17 22:40:27,996 [INFO] ✓ Image_40.JPG → Image_40.png | diff=None | verified
2026-04-17 22:40:28,045 [INFO] ✓ Image_73.jpg → Image_73.png | diff=None | verified
2026-04-17 22:40:28,144 [INFO] ✓ Image_128 copy.jpg → Image_128 copy.png | diff=None | verified
2026-04-17 22:40:28,216 [INFO] ✓ Image_211.jpg → Image_211.png | diff=None | verified
2026-04-17 22:40:28,278 [INFO] ✓ Image_69.jpg → Image_69.png | diff=None | verified
2026-04-17 22:40:28,345 [INFO] ✓ Image_86 copy.jpg → Image_86 copy.png | diff=None | verified
2026-04-17 22:40:28,408 [INFO] ✓ Image_42.jpg → Image_42.png | diff=None | verified
2026-04-17 22:40:28,473 [INFO] ✓ Image_33.jpg → Image_33.png | diff=None | verified
2026-04-17 22:40:28,535 [INFO] ✓ Image_159.jpg → Image_159.png | diff=None | verified
2026-04-17 22:40:28,574 [INFO] ✓ Image_92 copy 2.jpg → Image_92 copy 2.png | diff=None | verified
2026-04-17 22:40:28,625 [INFO] ✓ Image_204.jpg → Image_204.png | diff=None | verified
2026-04-17 22:40:28,751 [INFO] ✓ Image_85.png → Image_85.png | diff=None | verified
2026-04-17 22:40:28,815 [INFO] ✓ Image_89.jpg → Image_89.png | diff=None | verified
2026-04-17 22:40:28,878 [INFO] ✓ Image_84.jpg → Image_84.png | diff=None | verified
2026-04-17 22:40:28,955 [INFO] ✓ Image_116.jpg → Image_116.png | diff=None | verified
2026-04-17 22:40:29,010 [INFO] ✓ Image_162 copy.jpg → Image_162 copy.png | diff=None | verified
2026-04-17 22:40:29,080 [INFO] ✓ Image_27 copy.jpg → Image_27 copy.png | diff=None | verified
2026-04-17 22:40:29,163 [INFO] ✓ Image_95.jpg → Image_95.png | diff=None | verified
2026-04-17 22:40:29,221 [INFO] ✓ Image_132.jpg → Image_132.png | diff=None | verified
2026-04-17 22:40:29,282 [INFO] ✓ Image_95 copy.jpg → Image_95 copy.png | diff=None | verified
2026-04-17 22:40:29,338 [INFO] ✓ Image_152.jpg → Image_152.png | diff=None | verified
2026-04-17 22:40:29,522 [INFO] ✓ Image_106.jpg → Image_106.png | diff=None | verified
2026-04-17 22:40:29,626 [INFO] ✓ Image_61.jpg → Image_61.png | diff=None | verified
2026-04-17 22:40:29,693 [INFO] ✓ Image_142 copy 2.jpg → Image_142 copy 2.png | diff=None | verified
2026-04-17 22:40:29,759 [INFO] ✓ Image_117 copy 2.jpg → Image_117 copy 2.png | diff=None | verified
2026-04-17 22:40:29,827 [INFO] ✓ Image_145.jpg → Image_145.png | diff=None | verified
2026-04-17 22:40:29,904 [INFO] ✓ Image_100 copy 2.jpg → Image_100 copy 2.png | diff=None | verified
2026-04-17 22:40:30,804 [INFO] ✓ Image_156.jpg → Image_156.png | diff=None | verified
2026-04-17 22:40:30,869 [INFO] ✓ Image_94.jpg → Image_94.png | diff=None | verified
2026-04-17 22:40:30,927 [INFO] ✓ Image_110 copy.jpg → Image_110 copy.png | diff=None | verified
2026-04-17 22:40:31,086 [INFO] ✓ Image_49.png → Image_49.png | diff=None | verified
2026-04-17 22:40:31,151 [INFO] ✓ Image_162.jpg → Image_162.png | diff=None | verified
2026-04-17 22:40:31,225 [INFO] ✓ Image_89 copy 2.jpg → Image_89 copy 2.png | diff=None | verified
2026-04-17 22:40:31,291 [INFO] ✓ Image_169 copy.jpg → Image_169 copy.png | diff=None | verified
2026-04-17 22:40:31,353 [INFO] ✓ Image_170 copy.jpg → Image_170 copy.png | diff=None | verified
2026-04-17 22:40:31,420 [INFO] ✓ Image_31 copy 2.jpg → Image_31 copy 2.png | diff=None | verified
2026-04-17 22:40:31,521 [INFO] ✓ Image_65.jpg → Image_65.png | diff=None | verified
2026-04-17 22:40:31,561 [INFO] ✓ Image_58.jpg → Image_58.png | diff=None | verified
2026-04-17 22:40:31,615 [INFO] ✓ Image_218.jpg → Image_218.png | diff=None | verified
2026-04-17 22:40:31,679 [INFO] ✓ Image_45 copy 2.jpg → Image_45 copy 2.png | diff=None | verified
2026-04-17 22:40:31,736 [INFO] ✓ Image_19.jpg → Image_19.png | diff=None | verified
2026-04-17 22:40:31,805 [INFO] ✓ Image_29 copy.jpg → Image_29 copy.png | diff=None | verified
2026-04-17 22:40:31,871 [INFO] ✓ Image_70.png → Image_70.png | diff=None | verified
2026-04-17 22:40:31,938 [INFO] ✓ Image_103 copy.jpg → Image_103 copy.png | diff=None | verified
